<?xml version="1.0"?>
<configuration>

	<appSettings>
		<!-- Settings for database and site functionality
		 -->
		<add key="DatabaseName" value="Odyssey"/>
		<add key="ServerName" value="dbserver"/>
		<add key="Branch" value="BNE"/>
		<add key="DBAdminEmail" value="TrackErr@cargowise.com"/>
    <add key="AutoSaveAnswers" value="true"/>

		<!-- Settings for the look and feel
		-->
		<add key="CompanyName" value="WiseTech Global"/>
		<add key="HomePageURL" value="http://www.wisetechglobal.com/"/>
		<add key="DeploymentRootPath" value="\\deployment\root" />
	</appSettings>

	<connectionStrings/>

	<location inheritInChildApplications="false">
		<system.web>

			<!-- 
			Set compilation debug="true" to insert debugging 
			symbols into the compiled page. Because this 
			affects performance, set this value to true only 
			during development.
			-->
			<compilation
				defaultLanguage="c#"
				debug="false"
			/>

			<authentication mode="None"/>				

			<!--
            The <customErrors> section enables configuration 
            of what to do if/when an unhandled error occurs 
            during the execution of a request. Specifically, 
            it enables developers to configure html error pages 
            to be displayed in place of a error stack trace.
			
			<customErrors mode="RemoteOnly" defaultRedirect="GenericErrorPage.htm">
				<error statusCode="403" redirect="NoAccess.htm" />
				<error statusCode="404" redirect="FileNotFound.htm" />
			</customErrors>
			-->
      <customErrors mode="RemoteOnly" defaultRedirect="~/Error.aspx" />
			<httpRuntime requestValidationMode="2.0" />
		</system.web>
	</location>
	<system.webServer>
		<validation validateIntegratedModeConfiguration="false"/>
		<handlers>
			<remove name="ClientSpecificCssHandler"/>
			<remove name="ClientSpecificImageHandler"/>
			<add name="ClientSpecificCssHandler" path="*.css" verb="GET" type="Enterprise.MarketingManager.WebVoting.ClientSpecificCssHandler" resourceType="Unspecified" preCondition="integratedMode" />
			<add name="ClientSpecificImageHandler" path="Images/*" verb="GET" type="Enterprise.MarketingManager.WebVoting.ClientSpecificImageHandler" resourceType="Unspecified" preCondition="integratedMode" />
		</handlers>
	</system.webServer>
  <runtime>
    <assemblyBinding xmlns="urn:schemas-microsoft-com:asm.v1">
      <dependentAssembly>
        <assemblyIdentity name="Newtonsoft.Json" culture="neutral" publicKeyToken="30ad4fe6b2a6aeed" />
        <bindingRedirect oldVersion="0.0.0.0-10.0.0.0" newVersion="10.0.0.0" />
      </dependentAssembly>
    </assemblyBinding>
  </runtime>
</configuration>
